--------------------------------------------------------------------------------------
Timing Analyzer Summary
--------------------------------------------------------------------------------------

Type           : Worst-case tsu
Slack          : N/A
Required Time  : None
Actual Time    : 2.125 ns
From           : stateQ[0]
To             : tempEWtime[2]
From Clock     : --
To Clock       : stateQ[1]
Failed Paths   : 0

Type           : Worst-case tco
Slack          : N/A
Required Time  : None
Actual Time    : 5.595 ns
From           : tempEWtime[2]
To             : ewTime[2]
From Clock     : stateQ[1]
To Clock       : --
Failed Paths   : 0

Type           : Worst-case th
Slack          : N/A
Required Time  : None
Actual Time    : -0.313 ns
From           : stateQ[0]
To             : tempEWtime[2]
From Clock     : --
To Clock       : stateQ[1]
Failed Paths   : 0

Type           : Total number of failed paths
Slack          : 
Required Time  : 
Actual Time    : 
From           : 
To             : 
From Clock     : 
To Clock       : 
Failed Paths   : 0

--------------------------------------------------------------------------------------

