Classic Timing Analyzer report for mux41
Sat Sep 23 16:32:00 2017
Quartus II Version 9.0 Build 132 02/25/2009 SJ Full Version


---------------------
; Table of Contents ;
---------------------
  1. Legal Notice
  2. Timing Analyzer Summary
  3. Timing Analyzer Settings
  4. Parallel Compilation
  5. tpd
  6. Timing Analyzer Messages



----------------
; Legal Notice ;
----------------
Copyright (C) 1991-2009 Altera Corporation
Your use of Altera Corporation's design tools, logic functions 
and other software and tools, and its AMPP partner logic 
functions, and any output files from any of the foregoing 
(including device programming or simulation files), and any 
associated documentation or information are expressly subject 
to the terms and conditions of the Altera Program License 
Subscription Agreement, Altera MegaCore Function License 
Agreement, or other applicable license agreement, including, 
without limitation, that your use is for the sole purpose of 
programming logic devices manufactured by Altera and sold by 
Altera or its authorized distributors.  Please refer to the 
applicable agreement for further details.



+--------------------------------------------------------------------------------------------------------------------------+
; Timing Analyzer Summary                                                                                                  ;
+------------------------------+-------+---------------+-------------+-------+------+------------+----------+--------------+
; Type                         ; Slack ; Required Time ; Actual Time ; From  ; To   ; From Clock ; To Clock ; Failed Paths ;
+------------------------------+-------+---------------+-------------+-------+------+------------+----------+--------------+
; Worst-case tpd               ; N/A   ; None          ; 10.473 ns   ; D2[0] ; Y[0] ; --         ; --       ; 0            ;
; Total number of failed paths ;       ;               ;             ;       ;      ;            ;          ; 0            ;
+------------------------------+-------+---------------+-------------+-------+------+------------+----------+--------------+


+--------------------------------------------------------------------------------------------------------------------+
; Timing Analyzer Settings                                                                                           ;
+---------------------------------------------------------------------+--------------------+------+----+-------------+
; Option                                                              ; Setting            ; From ; To ; Entity Name ;
+---------------------------------------------------------------------+--------------------+------+----+-------------+
; Device Name                                                         ; EPM570T100C5       ;      ;    ;             ;
; Timing Models                                                       ; Final              ;      ;    ;             ;
; Default hold multicycle                                             ; Same as Multicycle ;      ;    ;             ;
; Cut paths between unrelated clock domains                           ; On                 ;      ;    ;             ;
; Cut off read during write signal paths                              ; On                 ;      ;    ;             ;
; Cut off feedback from I/O pins                                      ; On                 ;      ;    ;             ;
; Report Combined Fast/Slow Timing                                    ; Off                ;      ;    ;             ;
; Ignore Clock Settings                                               ; Off                ;      ;    ;             ;
; Analyze latches as synchronous elements                             ; On                 ;      ;    ;             ;
; Enable Recovery/Removal analysis                                    ; Off                ;      ;    ;             ;
; Enable Clock Latency                                                ; Off                ;      ;    ;             ;
; Use TimeQuest Timing Analyzer                                       ; Off                ;      ;    ;             ;
; Minimum Core Junction Temperature                                   ; 0                  ;      ;    ;             ;
; Maximum Core Junction Temperature                                   ; 85                 ;      ;    ;             ;
; Number of source nodes to report per destination node               ; 10                 ;      ;    ;             ;
; Number of destination nodes to report                               ; 10                 ;      ;    ;             ;
; Number of paths to report                                           ; 200                ;      ;    ;             ;
; Report Minimum Timing Checks                                        ; Off                ;      ;    ;             ;
; Use Fast Timing Models                                              ; Off                ;      ;    ;             ;
; Report IO Paths Separately                                          ; Off                ;      ;    ;             ;
; Perform Multicorner Analysis                                        ; Off                ;      ;    ;             ;
; Reports the worst-case path for each clock domain and analysis      ; Off                ;      ;    ;             ;
; Removes common clock path pessimism (CCPP) during slack computation ; Off                ;      ;    ;             ;
; Output I/O Timing Endpoint                                          ; Near End           ;      ;    ;             ;
+---------------------------------------------------------------------+--------------------+------+----+-------------+


+------------------------------------------+
; Parallel Compilation                     ;
+----------------------------+-------------+
; Processors                 ; Number      ;
+----------------------------+-------------+
; Number detected on machine ; 2           ;
; Maximum allowed            ; 2           ;
;                            ;             ;
; Average used               ; 1.00        ;
; Maximum used               ; 1           ;
;                            ;             ;
; Usage by Processor         ; % Time Used ;
;     1 processor            ; 100.0%      ;
;     2 processors           ;   0.0%      ;
+----------------------------+-------------+


+------------------------------------------------------------+
; tpd                                                        ;
+-------+-------------------+-----------------+-------+------+
; Slack ; Required P2P Time ; Actual P2P Time ; From  ; To   ;
+-------+-------------------+-----------------+-------+------+
; N/A   ; None              ; 10.473 ns       ; D2[0] ; Y[0] ;
; N/A   ; None              ; 9.953 ns        ; A[1]  ; Y[1] ;
; N/A   ; None              ; 9.896 ns        ; A[1]  ; Y[0] ;
; N/A   ; None              ; 9.858 ns        ; A[0]  ; Y[1] ;
; N/A   ; None              ; 9.800 ns        ; A[0]  ; Y[0] ;
; N/A   ; None              ; 9.763 ns        ; D1[0] ; Y[0] ;
; N/A   ; None              ; 9.539 ns        ; D0[1] ; Y[1] ;
; N/A   ; None              ; 9.503 ns        ; D1[1] ; Y[1] ;
; N/A   ; None              ; 9.418 ns        ; D0[0] ; Y[0] ;
; N/A   ; None              ; 8.998 ns        ; D3[1] ; Y[1] ;
; N/A   ; None              ; 8.977 ns        ; D3[0] ; Y[0] ;
; N/A   ; None              ; 8.845 ns        ; D2[1] ; Y[1] ;
; N/A   ; None              ; 8.726 ns        ; A[0]  ; Y[3] ;
; N/A   ; None              ; 8.651 ns        ; A[0]  ; Y[2] ;
; N/A   ; None              ; 8.601 ns        ; A[1]  ; Y[3] ;
; N/A   ; None              ; 7.750 ns        ; D3[2] ; Y[2] ;
; N/A   ; None              ; 7.636 ns        ; D1[3] ; Y[3] ;
; N/A   ; None              ; 7.630 ns        ; D0[3] ; Y[3] ;
; N/A   ; None              ; 7.616 ns        ; D2[2] ; Y[2] ;
; N/A   ; None              ; 7.550 ns        ; D0[2] ; Y[2] ;
; N/A   ; None              ; 7.543 ns        ; A[1]  ; Y[2] ;
; N/A   ; None              ; 7.529 ns        ; D3[3] ; Y[3] ;
; N/A   ; None              ; 7.204 ns        ; D1[2] ; Y[2] ;
; N/A   ; None              ; 6.836 ns        ; D2[3] ; Y[3] ;
+-------+-------------------+-----------------+-------+------+


+--------------------------+
; Timing Analyzer Messages ;
+--------------------------+
Info: *******************************************************************
Info: Running Quartus II Classic Timing Analyzer
    Info: Version 9.0 Build 132 02/25/2009 SJ Full Version
    Info: Processing started: Sat Sep 23 16:32:00 2017
Info: Command: quartus_tan --read_settings_files=off --write_settings_files=off mux41 -c mux41
Info: Parallel compilation is enabled and will use 2 of the 2 processors detected
Info: Started post-fitting delay annotation
Info: Delay annotation completed successfully
Info: Longest tpd from source pin "D2[0]" to destination pin "Y[0]" is 10.473 ns
    Info: 1: + IC(0.000 ns) + CELL(1.132 ns) = 1.132 ns; Loc. = PIN_58; Fanout = 1; PIN Node = 'D2[0]'
    Info: 2: + IC(4.041 ns) + CELL(0.511 ns) = 5.684 ns; Loc. = LC_X3_Y4_N4; Fanout = 1; COMB Node = 'Y~15'
    Info: 3: + IC(2.467 ns) + CELL(2.322 ns) = 10.473 ns; Loc. = PIN_8; Fanout = 0; PIN Node = 'Y[0]'
    Info: Total cell delay = 3.965 ns ( 37.86 % )
    Info: Total interconnect delay = 6.508 ns ( 62.14 % )
Info: Quartus II Classic Timing Analyzer was successful. 0 errors, 0 warnings
    Info: Peak virtual memory: 186 megabytes
    Info: Processing ended: Sat Sep 23 16:32:00 2017
    Info: Elapsed time: 00:00:00
    Info: Total CPU time (on all processors): 00:00:00


